Archive member included to satisfy reference by file (symbol)

C:/ST/STM32CubeIDE_1.13.2/STM32CubeIDE/plugins/com.st.stm32cube.ide.mcu.externaltools.gnu-tools-for-stm32.11.3.rel1.win32_1.1.1.202309131626/tools/bin/../lib/gcc/arm-none-eabi/11.3.1/../../../../arm-none-eabi/lib/thumb/v7e-m+fp/hard\libc_nano.a(libc_a-exit.o)
                              C:/ST/STM32CubeIDE_1.13.2/STM32CubeIDE/plugins/com.st.stm32cube.ide.mcu.externaltools.gnu-tools-for-stm32.11.3.rel1.win32_1.1.1.202309131626/tools/bin/../lib/gcc/arm-none-eabi/11.3.1/../../../../arm-none-eabi/lib/thumb/v7e-m+fp/hard/crt0.o (exit)
C:/ST/STM32CubeIDE_1.13.2/STM32CubeIDE/plugins/com.st.stm32cube.ide.mcu.externaltools.gnu-tools-for-stm32.11.3.rel1.win32_1.1.1.202309131626/tools/bin/../lib/gcc/arm-none-eabi/11.3.1/../../../../arm-none-eabi/lib/thumb/v7e-m+fp/hard\libc_nano.a(libc_a-itoa.o)
                              ./Core/Src/main.o (itoa)
C:/ST/STM32CubeIDE_1.13.2/STM32CubeIDE/plugins/com.st.stm32cube.ide.mcu.externaltools.gnu-tools-for-stm32.11.3.rel1.win32_1.1.1.202309131626/tools/bin/../lib/gcc/arm-none-eabi/11.3.1/../../../../arm-none-eabi/lib/thumb/v7e-m+fp/hard\libc_nano.a(libc_a-utoa.o)
                              C:/ST/STM32CubeIDE_1.13.2/STM32CubeIDE/plugins/com.st.stm32cube.ide.mcu.externaltools.gnu-tools-for-stm32.11.3.rel1.win32_1.1.1.202309131626/tools/bin/../lib/gcc/arm-none-eabi/11.3.1/../../../../arm-none-eabi/lib/thumb/v7e-m+fp/hard\libc_nano.a(libc_a-itoa.o) (__utoa)
C:/ST/STM32CubeIDE_1.13.2/STM32CubeIDE/plugins/com.st.stm32cube.ide.mcu.externaltools.gnu-tools-for-stm32.11.3.rel1.win32_1.1.1.202309131626/tools/bin/../lib/gcc/arm-none-eabi/11.3.1/../../../../arm-none-eabi/lib/thumb/v7e-m+fp/hard\libc_nano.a(libc_a-findfp.o)
                              C:/ST/STM32CubeIDE_1.13.2/STM32CubeIDE/plugins/com.st.stm32cube.ide.mcu.externaltools.gnu-tools-for-stm32.11.3.rel1.win32_1.1.1.202309131626/tools/bin/../lib/gcc/arm-none-eabi/11.3.1/../../../../arm-none-eabi/lib/thumb/v7e-m+fp/hard\libc_nano.a(libc_a-exit.o) (__stdio_exit_handler)
C:/ST/STM32CubeIDE_1.13.2/STM32CubeIDE/plugins/com.st.stm32cube.ide.mcu.externaltools.gnu-tools-for-stm32.11.3.rel1.win32_1.1.1.202309131626/tools/bin/../lib/gcc/arm-none-eabi/11.3.1/../../../../arm-none-eabi/lib/thumb/v7e-m+fp/hard\libc_nano.a(libc_a-fwalk.o)
                              C:/ST/STM32CubeIDE_1.13.2/STM32CubeIDE/plugins/com.st.stm32cube.ide.mcu.externaltools.gnu-tools-for-stm32.11.3.rel1.win32_1.1.1.202309131626/tools/bin/../lib/gcc/arm-none-eabi/11.3.1/../../../../arm-none-eabi/lib/thumb/v7e-m+fp/hard\libc_nano.a(libc_a-findfp.o) (_fwalk_sglue)
C:/ST/STM32CubeIDE_1.13.2/STM32CubeIDE/plugins/com.st.stm32cube.ide.mcu.externaltools.gnu-tools-for-stm32.11.3.rel1.win32_1.1.1.202309131626/tools/bin/../lib/gcc/arm-none-eabi/11.3.1/../../../../arm-none-eabi/lib/thumb/v7e-m+fp/hard\libc_nano.a(libc_a-stdio.o)
                              C:/ST/STM32CubeIDE_1.13.2/STM32CubeIDE/plugins/com.st.stm32cube.ide.mcu.externaltools.gnu-tools-for-stm32.11.3.rel1.win32_1.1.1.202309131626/tools/bin/../lib/gcc/arm-none-eabi/11.3.1/../../../../arm-none-eabi/lib/thumb/v7e-m+fp/hard\libc_nano.a(libc_a-findfp.o) (__sread)
C:/ST/STM32CubeIDE_1.13.2/STM32CubeIDE/plugins/com.st.stm32cube.ide.mcu.externaltools.gnu-tools-for-stm32.11.3.rel1.win32_1.1.1.202309131626/tools/bin/../lib/gcc/arm-none-eabi/11.3.1/../../../../arm-none-eabi/lib/thumb/v7e-m+fp/hard\libc_nano.a(libc_a-memset.o)
                              C:/ST/STM32CubeIDE_1.13.2/STM32CubeIDE/plugins/com.st.stm32cube.ide.mcu.externaltools.gnu-tools-for-stm32.11.3.rel1.win32_1.1.1.202309131626/tools/bin/../lib/gcc/arm-none-eabi/11.3.1/../../../../arm-none-eabi/lib/thumb/v7e-m+fp/hard/crt0.o (memset)
C:/ST/STM32CubeIDE_1.13.2/STM32CubeIDE/plugins/com.st.stm32cube.ide.mcu.externaltools.gnu-tools-for-stm32.11.3.rel1.win32_1.1.1.202309131626/tools/bin/../lib/gcc/arm-none-eabi/11.3.1/../../../../arm-none-eabi/lib/thumb/v7e-m+fp/hard\libc_nano.a(libc_a-closer.o)
                              C:/ST/STM32CubeIDE_1.13.2/STM32CubeIDE/plugins/com.st.stm32cube.ide.mcu.externaltools.gnu-tools-for-stm32.11.3.rel1.win32_1.1.1.202309131626/tools/bin/../lib/gcc/arm-none-eabi/11.3.1/../../../../arm-none-eabi/lib/thumb/v7e-m+fp/hard\libc_nano.a(libc_a-stdio.o) (_close_r)
C:/ST/STM32CubeIDE_1.13.2/STM32CubeIDE/plugins/com.st.stm32cube.ide.mcu.externaltools.gnu-tools-for-stm32.11.3.rel1.win32_1.1.1.202309131626/tools/bin/../lib/gcc/arm-none-eabi/11.3.1/../../../../arm-none-eabi/lib/thumb/v7e-m+fp/hard\libc_nano.a(libc_a-reent.o)
                              C:/ST/STM32CubeIDE_1.13.2/STM32CubeIDE/plugins/com.st.stm32cube.ide.mcu.externaltools.gnu-tools-for-stm32.11.3.rel1.win32_1.1.1.202309131626/tools/bin/../lib/gcc/arm-none-eabi/11.3.1/../../../../arm-none-eabi/lib/thumb/v7e-m+fp/hard\libc_nano.a(libc_a-closer.o) (errno)
[...]
Memory Configuration

Name             Origin             Length             Attributes
RAM              0x0000000020000000 0x0000000000018000 xrw
RAM2             0x0000000010000000 0x0000000000008000 xrw
FLASH            0x0000000008000000 0x0000000000100000 xr
*default*        0x0000000000000000 0xffffffffffffffff

Linker script and memory map

LOAD C:/ST/STM32CubeIDE_1.13.2/STM32CubeIDE/plugins/com.st.stm32cube.ide.mcu.externaltools.gnu-tools-for-stm32.11.3.rel1.win32_1.1.1.202309131626/tools/bin/../lib/gcc/arm-none-eabi/11.3.1/thumb/v7e-m+fp/hard/crti.o
LOAD C:/ST/STM32CubeIDE_1.13.2/STM32CubeIDE/plugins/com.st.stm32cube.ide.mcu.externaltools.gnu-tools-for-stm32.11.3.rel1.win32_1.1.1.202309131626/tools/bin/../lib/gcc/arm-none-eabi/11.3.1/thumb/v7e-m+fp/hard/crtbegin.o
LOAD C:/ST/STM32CubeIDE_1.13.2/STM32CubeIDE/plugins/com.st.stm32cube.ide.mcu.externaltools.gnu-tools-for-stm32.11.3.rel1.win32_1.1.1.202309131626/tools/bin/../lib/gcc/arm-none-eabi/11.3.1/../../../../arm-none-eabi/lib/thumb/v7e-m+fp/hard/crt0.o
LOAD ./Core/Src/main.o
LOAD ./Core/Src/stm32l476g_discovery.o
LOAD ./Core/Src/stm32l476g_discovery_glass_lcd.o
LOAD ./Core/Src/stm32l4xx_hal_msp.o
LOAD ./Core/Src/stm32l4xx_it.o
LOAD ./Core/Src/syscalls.o
LOAD ./Core/Src/sysmem.o
LOAD ./Core/Src/system_stm32l4xx.o
LOAD ./Core/Startup/startup_stm32l476vgtx.o
LOAD ./Drivers/STM32L4xx_HAL_Driver/Src/stm32l4xx_hal.o
LOAD ./Drivers/STM32L4xx_HAL_Driver/Src/stm32l4xx_hal_cortex.o
LOAD ./Drivers/STM32L4xx_HAL_Driver/Src/stm32l4xx_hal_dma.o
LOAD ./Drivers/STM32L4xx_HAL_Driver/Src/stm32l4xx_hal_dma_ex.o
LOAD ./Drivers/STM32L4xx_HAL_Driver/Src/stm32l4xx_hal_exti.o
LOAD ./Drivers/STM32L4xx_HAL_Driver/Src/stm32l4xx_hal_flash.o
LOAD ./Drivers/STM32L4xx_HAL_Driver/Src/stm32l4xx_hal_flash_ex.o
LOAD ./Drivers/STM32L4xx_HAL_Driver/Src/stm32l4xx_hal_flash_ramfunc.o
LOAD ./Drivers/STM32L4xx_HAL_Driver/Src/stm32l4xx_hal_gpio.o
LOAD ./Drivers/STM32L4xx_HAL_Driver/Src/stm32l4xx_hal_lcd.o
LOAD ./Drivers/STM32L4xx_HAL_Driver/Src/stm32l4xx_hal_pwr.o
LOAD ./Drivers/STM32L4xx_HAL_Driver/Src/stm32l4xx_hal_pwr_ex.o
LOAD ./Drivers/STM32L4xx_HAL_Driver/Src/stm32l4xx_hal_rcc.o
LOAD ./Drivers/STM32L4xx_HAL_Driver/Src/stm32l4xx_hal_rcc_ex.o
LOAD ./Drivers/STM32L4xx_HAL_Driver/Src/stm32l4xx_hal_rtc.o
LOAD ./Drivers/STM32L4xx_HAL_Driver/Src/stm32l4xx_hal_rtc_ex.o
START GROUP
LOAD C:/ST/STM32CubeIDE_1.13.2/STM32CubeIDE/plugins/com.st.stm32cube.ide.mcu.externaltools.gnu-tools-for-stm32.11.3.rel1.win32_1.1.1.202309131626/tools/bin/../lib/gcc/arm-none-eabi/11.3.1/../../../../arm-none-eabi/lib/thumb/v7e-m+fp/hard\libstdc++_nano.a
LOAD C:/ST/STM32CubeIDE_1.13.2/STM32CubeIDE/plugins/com.st.stm32cube.ide.mcu.externaltools.gnu-tools-for-stm32.11.3.rel1.win32_1.1.1.202309131626/tools/bin/../lib/gcc/arm-none-eabi/11.3.1/../../../../arm-none-eabi/lib/thumb/v7e-m+fp/hard\libsupc++_nano.a
END GROUP
LOAD C:/ST/STM32CubeIDE_1.13.2/STM32CubeIDE/plugins/com.st.stm32cube.ide.mcu.externaltools.gnu-tools-for-stm32.11.3.rel1.win32_1.1.1.202309131626/tools/bin/../lib/gcc/arm-none-eabi/11.3.1/../../../../arm-none-eabi/lib/thumb/v7e-m+fp/hard\libstdc++_nano.a
LOAD C:/ST/STM32CubeIDE_1.13.2/STM32CubeIDE/plugins/com.st.stm32cube.ide.mcu.externaltools.gnu-tools-for-stm32.11.3.rel1.win32_1.1.1.202309131626/tools/bin/../lib/gcc/arm-none-eabi/11.3.1/../../../../arm-none-eabi/lib/thumb/v7e-m+fp/hard\libm.a
LOAD C:/ST/STM32CubeIDE_1.13.2/STM32CubeIDE/plugins/com.st.stm32cube.ide.mcu.externaltools.gnu-tools-for-stm32.11.3.rel1.win32_1.1.1.202309131626/tools/bin/../lib/gcc/arm-none-eabi/11.3.1/../../../../arm-none-eabi/lib/thumb/v7e-m+fp/hard\libc_nano.a
START GROUP
LOAD C:/ST/STM32CubeIDE_1.13.2/STM32CubeIDE/plugins/com.st.stm32cube.ide.mcu.externaltools.gnu-tools-for-stm32.11.3.rel1.win32_1.1.1.202309131626/tools/bin/../lib/gcc/arm-none-eabi/11.3.1/thumb/v7e-m+fp/hard\libgcc.a
LOAD C:/ST/STM32CubeIDE_1.13.2/STM32CubeIDE/plugins/com.st.stm32cube.ide.mcu.externaltools.gnu-tools-for-stm32.11.3.rel1.win32_1.1.1.202309131626/tools/bin/../lib/gcc/arm-none-eabi/11.3.1/../../../../arm-none-eabi/lib/thumb/v7e-m+fp/hard\libc_nano.a
END GROUP
START GROUP
LOAD C:/ST/STM32CubeIDE_1.13.2/STM32CubeIDE/plugins/com.st.stm32cube.ide.mcu.externaltools.gnu-tools-for-stm32.11.3.rel1.win32_1.1.1.202309131626/tools/bin/../lib/gcc/arm-none-eabi/11.3.1/thumb/v7e-m+fp/hard\libgcc.a
LOAD C:/ST/STM32CubeIDE_1.13.2/STM32CubeIDE/plugins/com.st.stm32cube.ide.mcu.externaltools.gnu-tools-for-stm32.11.3.rel1.win32_1.1.1.202309131626/tools/bin/../lib/gcc/arm-none-eabi/11.3.1/../../../../arm-none-eabi/lib/thumb/v7e-m+fp/hard\libc_nano.a
LOAD C:/ST/STM32CubeIDE_1.13.2/STM32CubeIDE/plugins/com.st.stm32cube.ide.mcu.externaltools.gnu-tools-for-stm32.11.3.rel1.win32_1.1.1.202309131626/tools/bin/../lib/gcc/arm-none-eabi/11.3.1/../../../../arm-none-eabi/lib/thumb/v7e-m+fp/hard\libnosys.a
END GROUP
START GROUP
LOAD C:/ST/STM32CubeIDE_1.13.2/STM32CubeIDE/plugins/com.st.stm32cube.ide.mcu.externaltools.gnu-tools-for-stm32.11.3.rel1.win32_1.1.1.202309131626/tools/bin/../lib/gcc/arm-none-eabi/11.3.1/thumb/v7e-m+fp/hard\libgcc.a
LOAD C:/ST/STM32CubeIDE_1.13.2/STM32CubeIDE/plugins/com.st.stm32cube.ide.mcu.externaltools.gnu-tools-for-stm32.11.3.rel1.win32_1.1.1.202309131626/tools/bin/../lib/gcc/arm-none-eabi/11.3.1/../../../../arm-none-eabi/lib/thumb/v7e-m+fp/hard\libc_nano.a
LOAD C:/ST/STM32CubeIDE_1.13.2/STM32CubeIDE/plugins/com.st.stm32cube.ide.mcu.externaltools.gnu-tools-for-stm32.11.3.rel1.win32_1.1.1.202309131626/tools/bin/../lib/gcc/arm-none-eabi/11.3.1/../../../../arm-none-eabi/lib/thumb/v7e-m+fp/hard\libnosys.a
END GROUP
LOAD C:/ST/STM32CubeIDE_1.13.2/STM32CubeIDE/plugins/com.st.stm32cube.ide.mcu.externaltools.gnu-tools-for-stm32.11.3.rel1.win32_1.1.1.202309131626/tools/bin/../lib/gcc/arm-none-eabi/11.3.1/thumb/v7e-m+fp/hard/crtend.o
LOAD C:/ST/STM32CubeIDE_1.13.2/STM32CubeIDE/plugins/com.st.stm32cube.ide.mcu.externaltools.gnu-tools-for-stm32.11.3.rel1.win32_1.1.1.202309131626/tools/bin/../lib/gcc/arm-none-eabi/11.3.1/thumb/v7e-m+fp/hard/crtn.o
                0x0000000020018000                _estack = (ORIGIN (RAM) + LENGTH (RAM))
                0x0000000000000200                _Min_Heap_Size = 0x200
                0x0000000000000400                _Min_Stack_Size = 0x400

.isr_vector     0x0000000008000000      0x188
                0x0000000008000000                . = ALIGN (0x4)
 *(.isr_vector)
 .isr_vector    0x0000000008000000      0x188 ./Core/Startup/startup_stm32l476vgtx.o
                0x0000000008000000                g_pfnVectors
                0x0000000008000188                . = ALIGN (0x4)

.text           0x0000000008000188     0x4248
                0x0000000008000188                . = ALIGN (0x4)
 *(.text)
 .text          0x0000000008000188       0x40 C:/ST/STM32CubeIDE_1.13.2/STM32CubeIDE/plugins/com.st.stm32cube.ide.mcu.externaltools.gnu-tools-for-stm32.11.3.rel1.win32_1.1.1.202309131626/tools/bin/../lib/gcc/arm-none-eabi/11.3.1/thumb/v7e-m+fp/hard/crtbegin.o
 *(.text*)
 .text.main     0x00000000080001c8      0x258 ./Core/Src/main.o
                0x00000000080001c8                main
 .text.SystemClock_Config
                0x0000000008000420       0xac ./Core/Src/main.o
                0x0000000008000420                SystemClock_Config
 .text.MX_RTC_Init
                0x00000000080004cc       0x50 ./Core/Src/main.o
 .text.MX_GPIO_Init
                0x000000000800051c       0x6c ./Core/Src/main.o
 .text.LCD_DisplayDigit
                0x0000000008000588       0x62 ./Core/Src/main.o
                0x0000000008000588                LCD_DisplayDigit
 *fill*         0x00000000080005ea        0x2 
 .text.clockSetting
                0x00000000080005ec      0x334 ./Core/Src/main.o
                0x00000000080005ec                clockSetting
 .text.Error_Handler
                0x0000000008000920        0xa ./Core/Src/main.o
                0x0000000008000920                Error_Handler
 *fill*         0x000000000800092a        0x2 
 .text.BSP_LED_Init
                0x000000000800092c       0x9c ./Core/Src/stm32l476g_discovery.o
                0x000000000800092c                BSP_LED_Init
 .text.BSP_LED_On
                0x00000000080009c8       0x34 ./Core/Src/stm32l476g_discovery.o
                0x00000000080009c8                BSP_LED_On
 .text.BSP_LED_Off
                0x00000000080009fc       0x34 ./Core/Src/stm32l476g_discovery.o
                0x00000000080009fc                BSP_LED_Off
 .text.BSP_JOY_Init
                0x0000000008000a30      0x164 ./Core/Src/stm32l476g_discovery.o
                0x0000000008000a30                BSP_JOY_Init
 .text.BSP_JOY_GetState
                0x0000000008000b94       0x4c ./Core/Src/stm32l476g_discovery.o
                0x0000000008000b94                BSP_JOY_GetState
 .text.BSP_LCD_GLASS_Init
                0x0000000008000be0       0x74 ./Core/Src/stm32l476g_discovery_glass_lcd.o
                0x0000000008000be0                BSP_LCD_GLASS_Init
 .text.BSP_LCD_GLASS_DisplayBar
                0x0000000008000c54       0xb8 ./Core/Src/stm32l476g_discovery_glass_lcd.o
                0x0000000008000c54                BSP_LCD_GLASS_DisplayBar
 .text.BSP_LCD_GLASS_ClearBar
                0x0000000008000d0c       0xb0 ./Core/Src/stm32l476g_discovery_glass_lcd.o
                0x0000000008000d0c                BSP_LCD_GLASS_ClearBar
 .text.BSP_LCD_GLASS_BarLevelConfig
                0x0000000008000dbc       0xf4 ./Core/Src/stm32l476g_discovery_glass_lcd.o
                0x0000000008000dbc                BSP_LCD_GLASS_BarLevelConfig
 .text.BSP_LCD_GLASS_DisplayChar
                0x0000000008000eb0       0x38 ./Core/Src/stm32l476g_discovery_glass_lcd.o
                0x0000000008000eb0                BSP_LCD_GLASS_DisplayChar
 .text.BSP_LCD_GLASS_Clear
                0x0000000008000ee8       0x14 ./Core/Src/stm32l476g_discovery_glass_lcd.o
                0x0000000008000ee8                BSP_LCD_GLASS_Clear
 .text.LCD_MspInit
                0x0000000008000efc      0x18c ./Core/Src/stm32l476g_discovery_glass_lcd.o
 .text.Convert  0x0000000008001088      0x2b4 ./Core/Src/stm32l476g_discovery_glass_lcd.o
 .text.WriteChar
                0x000000000800133c      0x700 ./Core/Src/stm32l476g_discovery_glass_lcd.o
 .text.HAL_MspInit
                0x0000000008001a3c       0x48 ./Core/Src/stm32l4xx_hal_msp.o
                0x0000000008001a3c                HAL_MspInit
 .text.HAL_LCD_MspInit
                0x0000000008001a84      0x108 ./Core/Src/stm32l4xx_hal_msp.o
                0x0000000008001a84                HAL_LCD_MspInit
 .text.HAL_RTC_MspInit
                0x0000000008001b8c       0x64 ./Core/Src/stm32l4xx_hal_msp.o
                0x0000000008001b8c                HAL_RTC_MspInit
 .text.NMI_Handler
                0x0000000008001bf0        0x6 ./Core/Src/stm32l4xx_it.o
                0x0000000008001bf0                NMI_Handler
 .text.HardFault_Handler
                0x0000000008001bf6        0x6 ./Core/Src/stm32l4xx_it.o
                0x0000000008001bf6                HardFault_Handler
 .text.MemManage_Handler
                0x0000000008001bfc        0x6 ./Core/Src/stm32l4xx_it.o
                0x0000000008001bfc                MemManage_Handler
 .text.BusFault_Handler
                0x0000000008001c02        0x6 ./Core/Src/stm32l4xx_it.o
                0x0000000008001c02                BusFault_Handler
 .text.UsageFault_Handler
                0x0000000008001c08        0x6 ./Core/Src/stm32l4xx_it.o
                0x0000000008001c08                UsageFault_Handler
 .text.SVC_Handler
                0x0000000008001c0e        0xe ./Core/Src/stm32l4xx_it.o
                0x0000000008001c0e                SVC_Handler
 .text.DebugMon_Handler
                0x0000000008001c1c        0xe ./Core/Src/stm32l4xx_it.o
                0x0000000008001c1c                DebugMon_Handler
 .text.PendSV_Handler
                0x0000000008001c2a        0xe ./Core/Src/stm32l4xx_it.o
                0x0000000008001c2a                PendSV_Handler
 .text.SysTick_Handler
                0x0000000008001c38        0xc ./Core/Src/stm32l4xx_it.o
                0x0000000008001c38                SysTick_Handler
 .text.SystemInit
                0x0000000008001c44       0x24 ./Core/Src/system_stm32l4xx.o
                0x0000000008001c44                SystemInit
 .text.Reset_Handler
                0x0000000008001c68       0x50 ./Core/Startup/startup_stm32l476vgtx.o
                0x0000000008001c68                Reset_Handler
 .text.Default_Handler
                0x0000000008001cb8        0x2 ./Core/Startup/startup_stm32l476vgtx.o
                0x0000000008001cb8                RTC_Alarm_IRQHandler
                0x0000000008001cb8                EXTI2_IRQHandler
                0x0000000008001cb8                TIM8_TRG_COM_IRQHandler
                0x0000000008001cb8                TIM8_CC_IRQHandler
                0x0000000008001cb8                TIM1_CC_IRQHandler
                0x0000000008001cb8                TSC_IRQHandler
                0x0000000008001cb8                TAMP_STAMP_IRQHandler
                0x0000000008001cb8                EXTI3_IRQHandler
                0x0000000008001cb8                LPTIM2_IRQHandler
                0x0000000008001cb8                DFSDM1_FLT1_IRQHandler
                0x0000000008001cb8                I2C3_ER_IRQHandler
                0x0000000008001cb8                DFSDM1_FLT2_IRQHandler
                0x0000000008001cb8                EXTI0_IRQHandler
                0x0000000008001cb8                I2C2_EV_IRQHandler
                0x0000000008001cb8                CAN1_RX0_IRQHandler
                0x0000000008001cb8                FPU_IRQHandler
                0x0000000008001cb8                TIM1_UP_TIM16_IRQHandler
                0x0000000008001cb8                ADC1_2_IRQHandler
                0x0000000008001cb8                SPI1_IRQHandler
                0x0000000008001cb8                TIM6_DAC_IRQHandler
                0x0000000008001cb8                TIM8_UP_IRQHandler
                0x0000000008001cb8                DMA2_Channel2_IRQHandler
                0x0000000008001cb8                DMA1_Channel4_IRQHandler
                0x0000000008001cb8                SAI2_IRQHandler
                0x0000000008001cb8                DFSDM1_FLT3_IRQHandler
                0x0000000008001cb8                USART3_IRQHandler
                0x0000000008001cb8                DMA1_Channel7_IRQHandler
                0x0000000008001cb8                CAN1_RX1_IRQHandler
                0x0000000008001cb8                LCD_IRQHandler
                0x0000000008001cb8                UART5_IRQHandler
                0x0000000008001cb8                ADC3_IRQHandler
                0x0000000008001cb8                TIM4_IRQHandler
                0x0000000008001cb8                DMA2_Channel1_IRQHandler
                0x0000000008001cb8                QUADSPI_IRQHandler
                0x0000000008001cb8                I2C1_EV_IRQHandler
                0x0000000008001cb8                DMA1_Channel6_IRQHandler
                0x0000000008001cb8                UART4_IRQHandler
                0x0000000008001cb8                DMA2_Channel4_IRQHandler
                0x0000000008001cb8                TIM3_IRQHandler
                0x0000000008001cb8                RCC_IRQHandler
                0x0000000008001cb8                DMA1_Channel1_IRQHandler
                0x0000000008001cb8                Default_Handler
                0x0000000008001cb8                DMA2_Channel7_IRQHandler
                0x0000000008001cb8                EXTI15_10_IRQHandler
                0x0000000008001cb8                TIM7_IRQHandler
                0x0000000008001cb8                SDMMC1_IRQHandler
                0x0000000008001cb8                TIM5_IRQHandler
                0x0000000008001cb8                I2C3_EV_IRQHandler
                0x0000000008001cb8                EXTI9_5_IRQHandler
                0x0000000008001cb8                RTC_WKUP_IRQHandler
                0x0000000008001cb8                PVD_PVM_IRQHandler
                0x0000000008001cb8                SPI2_IRQHandler
                0x0000000008001cb8                CAN1_TX_IRQHandler
                0x0000000008001cb8                DMA2_Channel5_IRQHandler
                0x0000000008001cb8                DMA1_Channel5_IRQHandler
                0x0000000008001cb8                EXTI4_IRQHandler
                0x0000000008001cb8                RNG_IRQHandler
                0x0000000008001cb8                TIM1_TRG_COM_TIM17_IRQHandler
                0x0000000008001cb8                DMA1_Channel3_IRQHandler
                0x0000000008001cb8                COMP_IRQHandler
                0x0000000008001cb8                WWDG_IRQHandler
                0x0000000008001cb8                LPUART1_IRQHandler
                0x0000000008001cb8                DMA2_Channel6_IRQHandler
                0x0000000008001cb8                TIM2_IRQHandler
                0x0000000008001cb8                EXTI1_IRQHandler
                0x0000000008001cb8                USART2_IRQHandler
                0x0000000008001cb8                DFSDM1_FLT0_IRQHandler
                0x0000000008001cb8                I2C2_ER_IRQHandler
                0x0000000008001cb8                DMA1_Channel2_IRQHandler
                0x0000000008001cb8                TIM8_BRK_IRQHandler
                0x0000000008001cb8                CAN1_SCE_IRQHandler
                0x0000000008001cb8                FLASH_IRQHandler
                0x0000000008001cb8                USART1_IRQHandler
                0x0000000008001cb8                OTG_FS_IRQHandler
                0x0000000008001cb8                SPI3_IRQHandler
                0x0000000008001cb8                I2C1_ER_IRQHandler
                0x0000000008001cb8                FMC_IRQHandler
                0x0000000008001cb8                SWPMI1_IRQHandler
                0x0000000008001cb8                LPTIM1_IRQHandler
                0x0000000008001cb8                SAI1_IRQHandler
                0x0000000008001cb8                DMA2_Channel3_IRQHandler
                0x0000000008001cb8                TIM1_BRK_TIM15_IRQHandler
 .text.HAL_Init
                0x0000000008001cba       0x30 ./Drivers/STM32L4xx_HAL_Driver/Src/stm32l4xx_hal.o
                0x0000000008001cba                HAL_Init
 *fill*         0x0000000008001cea        0x2 
 .text.HAL_InitTick
                0x0000000008001cec       0x78 ./Drivers/STM32L4xx_HAL_Driver/Src/stm32l4xx_hal.o
                0x0000000008001cec                HAL_InitTick
 .text.HAL_IncTick
                0x0000000008001d64       0x28 ./Drivers/STM32L4xx_HAL_Driver/Src/stm32l4xx_hal.o
                0x0000000008001d64                HAL_IncTick
 .text.HAL_GetTick
                0x0000000008001d8c       0x18 ./Drivers/STM32L4xx_HAL_Driver/Src/stm32l4xx_hal.o
                0x0000000008001d8c                HAL_GetTick
 .text.HAL_Delay
                0x0000000008001da4       0x48 ./Drivers/STM32L4xx_HAL_Driver/Src/stm32l4xx_hal.o
                0x0000000008001da4                HAL_Delay
 .text.__NVIC_SetPriorityGrouping
                0x0000000008001dec       0x48 ./Drivers/STM32L4xx_HAL_Driver/Src/stm32l4xx_hal_cortex.o
 .text.__NVIC_GetPriorityGrouping
                0x0000000008001e34       0x1c ./Drivers/STM32L4xx_HAL_Driver/Src/stm32l4xx_hal_cortex.o
 .text.__NVIC_EnableIRQ
                0x0000000008001e50       0x3c ./Drivers/STM32L4xx_HAL_Driver/Src/stm32l4xx_hal_cortex.o
 .text.__NVIC_SetPriority
                0x0000000008001e8c       0x54 ./Drivers/STM32L4xx_HAL_Driver/Src/stm32l4xx_hal_cortex.o
 .text.NVIC_EncodePriority
                0x0000000008001ee0       0x66 ./Drivers/STM32L4xx_HAL_Driver/Src/stm32l4xx_hal_cortex.o
 *fill*         0x0000000008001f46        0x2 
 .text.SysTick_Config
                0x0000000008001f48       0x44 ./Drivers/STM32L4xx_HAL_Driver/Src/stm32l4xx_hal_cortex.o
 .text.HAL_NVIC_SetPriorityGrouping
                0x0000000008001f8c       0x16 ./Drivers/STM32L4xx_HAL_Driver/Src/stm32l4xx_hal_cortex.o
                0x0000000008001f8c                HAL_NVIC_SetPriorityGrouping
 .text.HAL_NVIC_SetPriority
                0x0000000008001fa2       0x38 ./Drivers/STM32L4xx_HAL_Driver/Src/stm32l4xx_hal_cortex.o
                0x0000000008001fa2                HAL_NVIC_SetPriority
 .text.HAL_NVIC_EnableIRQ
                0x0000000008001fda       0x1c ./Drivers/STM32L4xx_HAL_Driver/Src/stm32l4xx_hal_cortex.o
                0x0000000008001fda                HAL_NVIC_EnableIRQ
 .text.HAL_SYSTICK_Config
                0x0000000008001ff6       0x18 ./Drivers/STM32L4xx_HAL_Driver/Src/stm32l4xx_hal_cortex.o
                0x0000000008001ff6                HAL_SYSTICK_Config
 *fill*         0x000000000800200e        0x2 
 .text.HAL_GPIO_Init
                0x0000000008002010      0x354 ./Drivers/STM32L4xx_HAL_Driver/Src/stm32l4xx_hal_gpio.o
                0x0000000008002010                HAL_GPIO_Init
 .text.HAL_GPIO_ReadPin
                0x0000000008002364       0x30 ./Drivers/STM32L4xx_HAL_Driver/Src/stm32l4xx_hal_gpio.o
                0x0000000008002364                HAL_GPIO_ReadPin
 .text.HAL_GPIO_WritePin
                0x0000000008002394       0x30 ./Drivers/STM32L4xx_HAL_Driver/Src/stm32l4xx_hal_gpio.o
                0x0000000008002394                HAL_GPIO_WritePin
 .text.HAL_LCD_Init
                0x00000000080023c4      0x180 ./Drivers/STM32L4xx_HAL_Driver/Src/stm32l4xx_hal_lcd.o
                0x00000000080023c4                HAL_LCD_Init
 .text.HAL_LCD_Write
                0x0000000008002544       0xb6 ./Drivers/STM32L4xx_HAL_Driver/Src/stm32l4xx_hal_lcd.o
                0x0000000008002544                HAL_LCD_Write
 .text.HAL_LCD_Clear
                0x00000000080025fa       0xac ./Drivers/STM32L4xx_HAL_Driver/Src/stm32l4xx_hal_lcd.o
                0x00000000080025fa                HAL_LCD_Clear
 .text.HAL_LCD_UpdateDisplayRequest
                0x00000000080026a6       0x72 ./Drivers/STM32L4xx_HAL_Driver/Src/stm32l4xx_hal_lcd.o
                0x00000000080026a6                HAL_LCD_UpdateDisplayRequest
 .text.LCD_WaitForSynchro
                0x0000000008002718       0x42 ./Drivers/STM32L4xx_HAL_Driver/Src/stm32l4xx_hal_lcd.o
                0x0000000008002718                LCD_WaitForSynchro
 *fill*         0x000000000800275a        0x2 
 .text.HAL_PWR_EnableBkUpAccess
                0x000000000800275c       0x20 ./Drivers/STM32L4xx_HAL_Driver/Src/stm32l4xx_hal_pwr.o
                0x000000000800275c                HAL_PWR_EnableBkUpAccess
 .text.HAL_PWREx_GetVoltageRange
                0x000000000800277c       0x1c ./Drivers/STM32L4xx_HAL_Driver/Src/stm32l4xx_hal_pwr_ex.o
                0x000000000800277c                HAL_PWREx_GetVoltageRange
 .text.HAL_PWREx_ControlVoltageScaling
                0x0000000008002798       0xac ./Drivers/STM32L4xx_HAL_Driver/Src/stm32l4xx_hal_pwr_ex.o
                0x0000000008002798                HAL_PWREx_ControlVoltageScaling
 .text.HAL_RCC_OscConfig
                0x0000000008002844      0x7b8 ./Drivers/STM32L4xx_HAL_Driver/Src/stm32l4xx_hal_rcc.o
                0x0000000008002844                HAL_RCC_OscConfig
 .text.HAL_RCC_ClockConfig
                0x0000000008002ffc      0x200 ./Drivers/STM32L4xx_HAL_Driver/Src/stm32l4xx_hal_rcc.o
                0x0000000008002ffc                HAL_RCC_ClockConfig
 .text.HAL_RCC_GetSysClockFreq
                0x00000000080031fc      0x118 ./Drivers/STM32L4xx_HAL_Driver/Src/stm32l4xx_hal_rcc.o
                0x00000000080031fc                HAL_RCC_GetSysClockFreq
 .text.RCC_SetFlashLatencyFromMSIRange
                0x0000000008003314       0xc0 ./Drivers/STM32L4xx_HAL_Driver/Src/stm32l4xx_hal_rcc.o
 .text.HAL_RCCEx_PeriphCLKConfig
                0x00000000080033d4      0x5d4 ./Drivers/STM32L4xx_HAL_Driver/Src/stm32l4xx_hal_rcc_ex.o
                0x00000000080033d4                HAL_RCCEx_PeriphCLKConfig
 .text.HAL_RCCEx_EnableMSIPLLMode
                0x00000000080039a8       0x20 ./Drivers/STM32L4xx_HAL_Driver/Src/stm32l4xx_hal_rcc_ex.o
                0x00000000080039a8                HAL_RCCEx_EnableMSIPLLMode
 .text.RCCEx_PLLSAI1_Config
                0x00000000080039c8      0x1e8 ./Drivers/STM32L4xx_HAL_Driver/Src/stm32l4xx_hal_rcc_ex.o
 .text.RCCEx_PLLSAI2_Config
                0x0000000008003bb0      0x1bc ./Drivers/STM32L4xx_HAL_Driver/Src/stm32l4xx_hal_rcc_ex.o
 .text.HAL_RTC_Init
                0x0000000008003d6c      0x110 ./Drivers/STM32L4xx_HAL_Driver/Src/stm32l4xx_hal_rtc.o
                0x0000000008003d6c                HAL_RTC_Init
 .text.HAL_RTC_SetTime
                0x0000000008003e7c      0x13a ./Drivers/STM32L4xx_HAL_Driver/Src/stm32l4xx_hal_rtc.o
                0x0000000008003e7c                HAL_RTC_SetTime
 .text.HAL_RTC_GetTime
                0x0000000008003fb6       0xb8 ./Drivers/STM32L4xx_HAL_Driver/Src/stm32l4xx_hal_rtc.o
                0x0000000008003fb6                HAL_RTC_GetTime
 .text.HAL_RTC_GetDate
                0x000000000800406e       0x9a ./Drivers/STM32L4xx_HAL_Driver/Src/stm32l4xx_hal_rtc.o
                0x000000000800406e                HAL_RTC_GetDate
 .text.HAL_RTC_WaitForSynchro
                0x0000000008004108       0x48 ./Drivers/STM32L4xx_HAL_Driver/Src/stm32l4xx_hal_rtc.o
                0x0000000008004108                HAL_RTC_WaitForSynchro
 .text.RTC_EnterInitMode
                0x0000000008004150       0x66 ./Drivers/STM32L4xx_HAL_Driver/Src/stm32l4xx_hal_rtc.o
                0x0000000008004150                RTC_EnterInitMode
 *fill*         0x00000000080041b6        0x2 
 .text.RTC_ExitInitMode
                0x00000000080041b8       0x7c ./Drivers/STM32L4xx_HAL_Driver/Src/stm32l4xx_hal_rtc.o
                0x00000000080041b8                RTC_ExitInitMode
 .text.RTC_ByteToBcd2
                0x0000000008004234       0x40 ./Drivers/STM32L4xx_HAL_Driver/Src/stm32l4xx_hal_rtc.o
                0x0000000008004234                RTC_ByteToBcd2
 .text.RTC_Bcd2ToByte
                0x0000000008004274       0x34 ./Drivers/STM32L4xx_HAL_Driver/Src/stm32l4xx_hal_rtc.o
                0x0000000008004274                RTC_Bcd2ToByte
 .text.__itoa   0x00000000080042a8       0x30 C:/ST/STM32CubeIDE_1.13.2/STM32CubeIDE/plugins/com.st.stm32cube.ide.mcu.externaltools.gnu-tools-for-stm32.11.3.rel1.win32_1.1.1.202309131626/tools/bin/../lib/gcc/arm-none-eabi/11.3.1/../../../../arm-none-eabi/lib/thumb/v7e-m+fp/hard\libc_nano.a(libc_a-itoa.o)
                0x00000000080042a8                __itoa
 .text.itoa     0x00000000080042d8        0x4 C:/ST/STM32CubeIDE_1.13.2/STM32CubeIDE/plugins/com.st.stm32cube.ide.mcu.externaltools.gnu-tools-for-stm32.11.3.rel1.win32_1.1.1.202309131626/tools/bin/../lib/gcc/arm-none-eabi/11.3.1/../../../../arm-none-eabi/lib/thumb/v7e-m+fp/hard\libc_nano.a(libc_a-itoa.o)
                0x00000000080042d8                itoa
 .text.__utoa   0x00000000080042dc       0x84 C:/ST/STM32CubeIDE_1.13.2/STM32CubeIDE/plugins/com.st.stm32cube.ide.mcu.externaltools.gnu-tools-for-stm32.11.3.rel1.win32_1.1.1.202309131626/tools/bin/../lib/gcc/arm-none-eabi/11.3.1/../../../../arm-none-eabi/lib/thumb/v7e-m+fp/hard\libc_nano.a(libc_a-utoa.o)
                0x00000000080042dc                __utoa
 .text.memset   0x0000000008004360       0x10 C:/ST/STM32CubeIDE_1.13.2/STM32CubeIDE/plugins/com.st.stm32cube.ide.mcu.externaltools.gnu-tools-for-stm32.11.3.rel1.win32_1.1.1.202309131626/tools/bin/../lib/gcc/arm-none-eabi/11.3.1/../../../../arm-none-eabi/lib/thumb/v7e-m+fp/hard\libc_nano.a(libc_a-memset.o)
                0x0000000008004360                memset
 .text.__libc_init_array
                0x0000000008004370       0x48 C:/ST/STM32CubeIDE_1.13.2/STM32CubeIDE/plugins/com.st.stm32cube.ide.mcu.externaltools.gnu-tools-for-stm32.11.3.rel1.win32_1.1.1.202309131626/tools/bin/../lib/gcc/arm-none-eabi/11.3.1/../../../../arm-none-eabi/lib/thumb/v7e-m+fp/hard\libc_nano.a(libc_a-init.o)
                0x0000000008004370                __libc_init_array
 *(.glue_7)
 .glue_7        0x00000000080043b8        0x0 linker stubs
 *(.glue_7t)
 .glue_7t       0x00000000080043b8        0x0 linker stubs
 *(.eh_frame)
 .eh_frame      0x00000000080043b8        0x0 C:/ST/STM32CubeIDE_1.13.2/STM32CubeIDE/plugins/com.st.stm32cube.ide.mcu.externaltools.gnu-tools-for-stm32.11.3.rel1.win32_1.1.1.202309131626/tools/bin/../lib/gcc/arm-none-eabi/11.3.1/thumb/v7e-m+fp/hard/crtbegin.o
 *(.init)
 .init          0x00000000080043b8        0x4 C:/ST/STM32CubeIDE_1.13.2/STM32CubeIDE/plugins/com.st.stm32cube.ide.mcu.externaltools.gnu-tools-for-stm32.11.3.rel1.win32_1.1.1.202309131626/tools/bin/../lib/gcc/arm-none-eabi/11.3.1/thumb/v7e-m+fp/hard/crti.o
                0x00000000080043b8                _init
 .init          0x00000000080043bc        0x8 C:/ST/STM32CubeIDE_1.13.2/STM32CubeIDE/plugins/com.st.stm32cube.ide.mcu.externaltools.gnu-tools-for-stm32.11.3.rel1.win32_1.1.1.202309131626/tools/bin/../lib/gcc/arm-none-eabi/11.3.1/thumb/v7e-m+fp/hard/crtn.o
 *(.fini)
 .fini          0x00000000080043c4        0x4 C:/ST/STM32CubeIDE_1.13.2/STM32CubeIDE/plugins/com.st.stm32cube.ide.mcu.externaltools.gnu-tools-for-stm32.11.3.rel1.win32_1.1.1.202309131626/tools/bin/../lib/gcc/arm-none-eabi/11.3.1/thumb/v7e-m+fp/hard/crti.o
                0x00000000080043c4                _fini
 .fini          0x00000000080043c8        0x8 C:/ST/STM32CubeIDE_1.13.2/STM32CubeIDE/plugins/com.st.stm32cube.ide.mcu.externaltools.gnu-tools-for-stm32.11.3.rel1.win32_1.1.1.202309131626/tools/bin/../lib/gcc/arm-none-eabi/11.3.1/thumb/v7e-m+fp/hard/crtn.o
                0x00000000080043d0                . = ALIGN (0x4)
                0x00000000080043d0                _etext = .

.vfp11_veneer   0x00000000080043d0        0x0
 .vfp11_veneer  0x00000000080043d0        0x0 linker stubs

.v4_bx          0x00000000080043d0        0x0
 .v4_bx         0x00000000080043d0        0x0 linker stubs

.iplt           0x00000000080043d0        0x0
 .iplt          0x00000000080043d0        0x0 C:/ST/STM32CubeIDE_1.13.2/STM32CubeIDE/plugins/com.st.stm32cube.ide.mcu.externaltools.gnu-tools-for-stm32.11.3.rel1.win32_1.1.1.202309131626/tools/bin/../lib/gcc/arm-none-eabi/11.3.1/thumb/v7e-m+fp/hard/crtbegin.o

.rodata         0x00000000080043d0       0xd4
                0x00000000080043d0                . = ALIGN (0x4)
 *(.rodata)
 .rodata        0x00000000080043d0        0xa ./Core/Src/main.o
 *(.rodata*)
 *fill*         0x00000000080043da        0x2 
 .rodata.LED_PIN
                0x00000000080043dc        0x4 ./Core/Src/stm32l476g_discovery.o
                0x00000000080043dc                LED_PIN
 .rodata.JOY_PIN
                0x00000000080043e0        0xa ./Core/Src/stm32l476g_discovery.o
                0x00000000080043e0                JOY_PIN
 *fill*         0x00000000080043ea        0x2 
 .rodata.JOY_IRQn
                0x00000000080043ec        0x5 ./Core/Src/stm32l476g_discovery.o
                0x00000000080043ec                JOY_IRQn
 *fill*         0x00000000080043f1        0x3 
 .rodata.CapLetterMap
                0x00000000080043f4       0x34 ./Core/Src/stm32l476g_discovery_glass_lcd.o
                0x00000000080043f4                CapLetterMap
 .rodata.NumberMap
                0x0000000008004428       0x14 ./Core/Src/stm32l476g_discovery_glass_lcd.o
                0x0000000008004428                NumberMap
 .rodata.AHBPrescTable
                0x000000000800443c       0x10 ./Core/Src/system_stm32l4xx.o
                0x000000000800443c                AHBPrescTable
 .rodata.MSIRangeTable
                0x000000000800444c       0x30 ./Core/Src/system_stm32l4xx.o
                0x000000000800444c                MSIRangeTable
 .rodata.__utoa.str1.1
                0x000000000800447c       0x25 C:/ST/STM32CubeIDE_1.13.2/STM32CubeIDE/plugins/com.st.stm32cube.ide.mcu.externaltools.gnu-tools-for-stm32.11.3.rel1.win32_1.1.1.202309131626/tools/bin/../lib/gcc/arm-none-eabi/11.3.1/../../../../arm-none-eabi/lib/thumb/v7e-m+fp/hard\libc_nano.a(libc_a-utoa.o)
                0x00000000080044a4                . = ALIGN (0x4)
 *fill*         0x00000000080044a1        0x3 

.rel.dyn        0x00000000080044a4        0x0
 .rel.iplt      0x00000000080044a4        0x0 C:/ST/STM32CubeIDE_1.13.2/STM32CubeIDE/plugins/com.st.stm32cube.ide.mcu.externaltools.gnu-tools-for-stm32.11.3.rel1.win32_1.1.1.202309131626/tools/bin/../lib/gcc/arm-none-eabi/11.3.1/thumb/v7e-m+fp/hard/crtbegin.o

.ARM.extab      0x00000000080044a4        0x0
                0x00000000080044a4                . = ALIGN (0x4)
 *(.ARM.extab* .gnu.linkonce.armextab.*)
                0x00000000080044a4                . = ALIGN (0x4)

.ARM            0x00000000080044a4        0x0
                0x00000000080044a4                . = ALIGN (0x4)
                0x00000000080044a4                __exidx_start = .
 *(.ARM.exidx*)
                0x00000000080044a4                __exidx_end = .
                0x00000000080044a4                . = ALIGN (0x4)

.preinit_array  0x00000000080044a4        0x0
                0x00000000080044a4                . = ALIGN (0x4)
                0x00000000080044a4                PROVIDE (__preinit_array_start = .)
 *(.preinit_array*)
                0x00000000080044a4                PROVIDE (__preinit_array_end = .)
                0x00000000080044a4                . = ALIGN (0x4)

.init_array     0x00000000080044a4        0x4
                0x00000000080044a4                . = ALIGN (0x4)
                0x00000000080044a4                PROVIDE (__init_array_start = .)
 *(SORT_BY_NAME(.init_array.*))
 *(.init_array*)
 .init_array    0x00000000080044a4        0x4 C:/ST/STM32CubeIDE_1.13.2/STM32CubeIDE/plugins/com.st.stm32cube.ide.mcu.externaltools.gnu-tools-for-stm32.11.3.rel1.win32_1.1.1.202309131626/tools/bin/../lib/gcc/arm-none-eabi/11.3.1/thumb/v7e-m+fp/hard/crtbegin.o
                0x00000000080044a8                PROVIDE (__init_array_end = .)
                0x00000000080044a8                . = ALIGN (0x4)

.fini_array     0x00000000080044a8        0x4
                0x00000000080044a8                . = ALIGN (0x4)
                [!provide]                        PROVIDE (__fini_array_start = .)
 *(SORT_BY_NAME(.fini_array.*))
 *(.fini_array*)
 .fini_array    0x00000000080044a8        0x4 C:/ST/STM32CubeIDE_1.13.2/STM32CubeIDE/plugins/com.st.stm32cube.ide.mcu.externaltools.gnu-tools-for-stm32.11.3.rel1.win32_1.1.1.202309131626/tools/bin/../lib/gcc/arm-none-eabi/11.3.1/thumb/v7e-m+fp/hard/crtbegin.o
                [!provide]                        PROVIDE (__fini_array_end = .)
                0x00000000080044ac                . = ALIGN (0x4)
                0x00000000080044ac                _sidata = LOADADDR (.data)

.data           0x0000000020000000       0x2c load address 0x00000000080044ac
                0x0000000020000000                . = ALIGN (0x4)
                0x0000000020000000                _sdata = .
 *(.data)
 *(.data*)
 .data.LED_PORT
                0x0000000020000000        0x8 ./Core/Src/stm32l476g_discovery.o
                0x0000000020000000                LED_PORT
 .data.JOY_PORT
                0x0000000020000008       0x14 ./Core/Src/stm32l476g_discovery.o
                0x0000000020000008                JOY_PORT
 .data.LCDBar   0x000000002000001c        0x1 ./Core/Src/stm32l476g_discovery_glass_lcd.o
                0x000000002000001c                LCDBar
 *fill*         0x000000002000001d        0x3 
 .data.SystemCoreClock
                0x0000000020000020        0x4 ./Core/Src/system_stm32l4xx.o
                0x0000000020000020                SystemCoreClock
 .data.uwTickPrio
                0x0000000020000024        0x4 ./Drivers/STM32L4xx_HAL_Driver/Src/stm32l4xx_hal.o
                0x0000000020000024                uwTickPrio
 .data.uwTickFreq
                0x0000000020000028        0x1 ./Drivers/STM32L4xx_HAL_Driver/Src/stm32l4xx_hal.o
                0x0000000020000028                uwTickFreq
 *(.RamFunc)
 *(.RamFunc*)
                0x000000002000002c                . = ALIGN (0x4)
 *fill*         0x0000000020000029        0x3 
                0x000000002000002c                _edata = .

.igot.plt       0x000000002000002c        0x0 load address 0x00000000080044d8
 .igot.plt      0x000000002000002c        0x0 C:/ST/STM32CubeIDE_1.13.2/STM32CubeIDE/plugins/com.st.stm32cube.ide.mcu.externaltools.gnu-tools-for-stm32.11.3.rel1.win32_1.1.1.202309131626/tools/bin/../lib/gcc/arm-none-eabi/11.3.1/thumb/v7e-m+fp/hard/crtbegin.o
                0x000000002000002c                . = ALIGN (0x4)

.bss            0x000000002000002c       0x90 load address 0x00000000080044d8
                0x000000002000002c                _sbss = .
                0x000000002000002c                __bss_start__ = _sbss
 *(.bss)
 .bss           0x000000002000002c       0x1c C:/ST/STM32CubeIDE_1.13.2/STM32CubeIDE/plugins/com.st.stm32cube.ide.mcu.externaltools.gnu-tools-for-stm32.11.3.rel1.win32_1.1.1.202309131626/tools/bin/../lib/gcc/arm-none-eabi/11.3.1/thumb/v7e-m+fp/hard/crtbegin.o
 *(.bss*)
 .bss.hrtc      0x0000000020000048       0x24 ./Core/Src/main.o
                0x0000000020000048                hrtc
 .bss.LCDHandle
                0x000000002000006c       0x3c ./Core/Src/stm32l476g_discovery_glass_lcd.o
                0x000000002000006c                LCDHandle
 .bss.Digit     0x00000000200000a8       0x10 ./Core/Src/stm32l476g_discovery_glass_lcd.o
                0x00000000200000a8                Digit
 .bss.uwTick    0x00000000200000b8        0x4 ./Drivers/STM32L4xx_HAL_Driver/Src/stm32l4xx_hal.o
                0x00000000200000b8                uwTick
 *(COMMON)
                0x00000000200000bc                . = ALIGN (0x4)
                0x00000000200000bc                _ebss = .
                0x00000000200000bc                __bss_end__ = _ebss

._user_heap_stack
                0x00000000200000bc      0x604 load address 0x00000000080044d8
                0x00000000200000c0                . = ALIGN (0x8)
 *fill*         0x00000000200000bc        0x4 
                [!provide]                        PROVIDE (end = .)
                0x00000000200000c0                PROVIDE (_end = .)
                0x00000000200002c0                . = (. + _Min_Heap_Size)
 *fill*         0x00000000200000c0      0x200 
                0x00000000200006c0                . = (. + _Min_Stack_Size)
 *fill*         0x00000000200002c0      0x400 
                0x00000000200006c0                . = ALIGN (0x8)

/DISCARD/
 libc.a(*)
 libm.a(*)
 libgcc.a(*)

.ARM.attributes
                0x0000000000000000       0x30
 *(.ARM.attributes)
 .ARM.attributes
                0x0000000000000000       0x1e C:/ST/STM32CubeIDE_1.13.2/STM32CubeIDE/plugins/com.st.stm32cube.ide.mcu.externaltools.gnu-tools-for-stm32.11.3.rel1.win32_1.1.1.202309131626/tools/bin/../lib/gcc/arm-none-eabi/11.3.1/thumb/v7e-m+fp/hard/crti.o
 .ARM.attributes
                0x000000000000001e       0x34 C:/ST/STM32CubeIDE_1.13.2/STM32CubeIDE/plugins/com.st.stm32cube.ide.mcu.externaltools.gnu-tools-for-stm32.11.3.rel1.win32_1.1.1.202309131626/tools/bin/../lib/gcc/arm-none-eabi/11.3.1/thumb/v7e-m+fp/hard/crtbegin.o
 .ARM.attributes
                0x0000000000000052       0x34 ./Core/Src/main.o
 .ARM.attributes
                0x0000000000000086       0x34 ./Core/Src/stm32l476g_discovery.o
 .ARM.attributes
                0x00000000000000ba       0x34 ./Core/Src/stm32l476g_discovery_glass_lcd.o
 .ARM.attributes
                0x00000000000000ee       0x34 ./Core/Src/stm32l4xx_hal_msp.o
 .ARM.attributes
                0x0000000000000122       0x34 ./Core/Src/stm32l4xx_it.o
 .ARM.attributes
                0x0000000000000156       0x34 ./Core/Src/system_stm32l4xx.o
 .ARM.attributes
                0x000000000000018a       0x21 ./Core/Startup/startup_stm32l476vgtx.o
 .ARM.attributes
                0x00000000000001ab       0x34 ./Drivers/STM32L4xx_HAL_Driver/Src/stm32l4xx_hal.o
 .ARM.attributes
                0x00000000000001df       0x34 ./Drivers/STM32L4xx_HAL_Driver/Src/stm32l4xx_hal_cortex.o
 .ARM.attributes
                0x0000000000000213       0x34 ./Drivers/STM32L4xx_HAL_Driver/Src/stm32l4xx_hal_gpio.o
 .ARM.attributes
                0x0000000000000247       0x34 ./Drivers/STM32L4xx_HAL_Driver/Src/stm32l4xx_hal_lcd.o
 .ARM.attributes
                0x000000000000027b       0x34 ./Drivers/STM32L4xx_HAL_Driver/Src/stm32l4xx_hal_pwr.o
 .ARM.attributes
                0x00000000000002af       0x34 ./Drivers/STM32L4xx_HAL_Driver/Src/stm32l4xx_hal_pwr_ex.o
 .ARM.attributes
                0x00000000000002e3       0x34 ./Drivers/STM32L4xx_HAL_Driver/Src/stm32l4xx_hal_rcc.o
 .ARM.attributes
                0x0000000000000317       0x34 ./Drivers/STM32L4xx_HAL_Driver/Src/stm32l4xx_hal_rcc_ex.o
 .ARM.attributes
                0x000000000000034b       0x34 ./Drivers/STM32L4xx_HAL_Driver/Src/stm32l4xx_hal_rtc.o
 .ARM.attributes
                0x000000000000037f       0x34 C:/ST/STM32CubeIDE_1.13.2/STM32CubeIDE/plugins/com.st.stm32cube.ide.mcu.externaltools.gnu-tools-for-stm32.11.3.rel1.win32_1.1.1.202309131626/tools/bin/../lib/gcc/arm-none-eabi/11.3.1/../../../../arm-none-eabi/lib/thumb/v7e-m+fp/hard\libc_nano.a(libc_a-itoa.o)
 .ARM.attributes
                0x00000000000003b3       0x34 C:/ST/STM32CubeIDE_1.13.2/STM32CubeIDE/plugins/com.st.stm32cube.ide.mcu.externaltools.gnu-tools-for-stm32.11.3.rel1.win32_1.1.1.202309131626/tools/bin/../lib/gcc/arm-none-eabi/11.3.1/../../../../arm-none-eabi/lib/thumb/v7e-m+fp/hard\libc_nano.a(libc_a-utoa.o)
 .ARM.attributes
                0x00000000000003e7       0x34 C:/ST/STM32CubeIDE_1.13.2/STM32CubeIDE/plugins/com.st.stm32cube.ide.mcu.externaltools.gnu-tools-for-stm32.11.3.rel1.win32_1.1.1.202309131626/tools/bin/../lib/gcc/arm-none-eabi/11.3.1/../../../../arm-none-eabi/lib/thumb/v7e-m+fp/hard\libc_nano.a(libc_a-memset.o)
 .ARM.attributes
                0x000000000000041b       0x34 C:/ST/STM32CubeIDE_1.13.2/STM32CubeIDE/plugins/com.st.stm32cube.ide.mcu.externaltools.gnu-tools-for-stm32.11.3.rel1.win32_1.1.1.202309131626/tools/bin/../lib/gcc/arm-none-eabi/11.3.1/../../../../arm-none-eabi/lib/thumb/v7e-m+fp/hard\libc_nano.a(libc_a-init.o)
 .ARM.attributes
                0x000000000000044f       0x1e C:/ST/STM32CubeIDE_1.13.2/STM32CubeIDE/plugins/com.st.stm32cube.ide.mcu.externaltools.gnu-tools-for-stm32.11.3.rel1.win32_1.1.1.202309131626/tools/bin/../lib/gcc/arm-none-eabi/11.3.1/thumb/v7e-m+fp/hard/crtn.o
OUTPUT(clock_stm32.elf elf32-littlearm)
LOAD linker stubs
LOAD C:/ST/STM32CubeIDE_1.13.2/STM32CubeIDE/plugins/com.st.stm32cube.ide.mcu.externaltools.gnu-tools-for-stm32.11.3.rel1.win32_1.1.1.202309131626/tools/bin/../lib/gcc/arm-none-eabi/11.3.1/../../../../arm-none-eabi/lib/thumb/v7e-m+fp/hard\libc.a
LOAD C:/ST/STM32CubeIDE_1.13.2/STM32CubeIDE/plugins/com.st.stm32cube.ide.mcu.externaltools.gnu-tools-for-stm32.11.3.rel1.win32_1.1.1.202309131626/tools/bin/../lib/gcc/arm-none-eabi/11.3.1/../../../../arm-none-eabi/lib/thumb/v7e-m+fp/hard\libm.a
LOAD C:/ST/STM32CubeIDE_1.13.2/STM32CubeIDE/plugins/com.st.stm32cube.ide.mcu.externaltools.gnu-tools-for-stm32.11.3.rel1.win32_1.1.1.202309131626/tools/bin/../lib/gcc/arm-none-eabi/11.3.1/thumb/v7e-m+fp/hard\libgcc.a

.comment        0x0000000000000000       0x43
 .comment       0x0000000000000000       0x43 C:/ST/STM32CubeIDE_1.13.2/STM32CubeIDE/plugins/com.st.stm32cube.ide.mcu.externaltools.gnu-tools-for-stm32.11.3.rel1.win32_1.1.1.202309131626/tools/bin/../lib/gcc/arm-none-eabi/11.3.1/thumb/v7e-m+fp/hard/crtbegin.o
                                         0x44 (size before relaxing)
 .comment       0x0000000000000043       0x44 ./Core/Src/main.o
 .comment       0x0000000000000043       0x44 ./Core/Src/stm32l476g_discovery.o
 .comment       0x0000000000000043       0x44 ./Core/Src/stm32l476g_discovery_glass_lcd.o
 .comment       0x0000000000000043       0x44 ./Core/Src/stm32l4xx_hal_msp.o
 .comment       0x0000000000000043       0x44 ./Core/Src/stm32l4xx_it.o
 .comment       0x0000000000000043       0x44 ./Core/Src/system_stm32l4xx.o
 .comment       0x0000000000000043       0x44 ./Drivers/STM32L4xx_HAL_Driver/Src/stm32l4xx_hal.o
 .comment       0x0000000000000043       0x44 ./Drivers/STM32L4xx_HAL_Driver/Src/stm32l4xx_hal_cortex.o
 .comment       0x0000000000000043       0x44 ./Drivers/STM32L4xx_HAL_Driver/Src/stm32l4xx_hal_gpio.o
 .comment       0x0000000000000043       0x44 ./Drivers/STM32L4xx_HAL_Driver/Src/stm32l4xx_hal_lcd.o
 .comment       0x0000000000000043       0x44 ./Drivers/STM32L4xx_HAL_Driver/Src/stm32l4xx_hal_pwr.o
 .comment       0x0000000000000043       0x44 ./Drivers/STM32L4xx_HAL_Driver/Src/stm32l4xx_hal_pwr_ex.o
 .comment       0x0000000000000043       0x44 ./Drivers/STM32L4xx_HAL_Driver/Src/stm32l4xx_hal_rcc.o
 .comment       0x0000000000000043       0x44 ./Drivers/STM32L4xx_HAL_Driver/Src/stm32l4xx_hal_rcc_ex.o
 .comment       0x0000000000000043       0x44 ./Drivers/STM32L4xx_HAL_Driver/Src/stm32l4xx_hal_rtc.o

.debug_info     0x0000000000000000     0xa262
 .debug_info    0x0000000000000000     0x1235 ./Core/Src/main.o
 .debug_info    0x0000000000001235      0xbb4 ./Core/Src/stm32l476g_discovery.o
 .debug_info    0x0000000000001de9     0x10db ./Core/Src/stm32l476g_discovery_glass_lcd.o
 .debug_info    0x0000000000002ec4      0xdaf ./Core/Src/stm32l4xx_hal_msp.o
 .debug_info    0x0000000000003c73      0x113 ./Core/Src/stm32l4xx_it.o
 .debug_info    0x0000000000003d86      0x5b1 ./Core/Src/system_stm32l4xx.o
 .debug_info    0x0000000000004337       0x23 ./Core/Startup/startup_stm32l476vgtx.o
 .debug_info    0x000000000000435a      0xaeb ./Drivers/STM32L4xx_HAL_Driver/Src/stm32l4xx_hal.o
 .debug_info    0x0000000000004e45      0xd4c ./Drivers/STM32L4xx_HAL_Driver/Src/stm32l4xx_hal_cortex.o
 .debug_info    0x0000000000005b91      0x757 ./Drivers/STM32L4xx_HAL_Driver/Src/stm32l4xx_hal_gpio.o
 .debug_info    0x00000000000062e8      0x51c ./Drivers/STM32L4xx_HAL_Driver/Src/stm32l4xx_hal_lcd.o
 .debug_info    0x0000000000006804      0x91e ./Drivers/STM32L4xx_HAL_Driver/Src/stm32l4xx_hal_pwr.o
 .debug_info    0x0000000000007122      0x99e ./Drivers/STM32L4xx_HAL_Driver/Src/stm32l4xx_hal_pwr_ex.o
 .debug_info    0x0000000000007ac0      0xc14 ./Drivers/STM32L4xx_HAL_Driver/Src/stm32l4xx_hal_rcc.o
 .debug_info    0x00000000000086d4      0xe11 ./Drivers/STM32L4xx_HAL_Driver/Src/stm32l4xx_hal_rcc_ex.o
 .debug_info    0x00000000000094e5      0xd7d ./Drivers/STM32L4xx_HAL_Driver/Src/stm32l4xx_hal_rtc.o

.debug_abbrev   0x0000000000000000     0x1eab
 .debug_abbrev  0x0000000000000000      0x2ca ./Core/Src/main.o
 .debug_abbrev  0x00000000000002ca      0x1ed ./Core/Src/stm32l476g_discovery.o
 .debug_abbrev  0x00000000000004b7      0x262 ./Core/Src/stm32l476g_discovery_glass_lcd.o
 .debug_abbrev  0x0000000000000719      0x1c4 ./Core/Src/stm32l4xx_hal_msp.o
 .debug_abbrev  0x00000000000008dd       0x73 ./Core/Src/stm32l4xx_it.o
 .debug_abbrev  0x0000000000000950      0x11a ./Core/Src/system_stm32l4xx.o
 .debug_abbrev  0x0000000000000a6a       0x12 ./Core/Startup/startup_stm32l476vgtx.o
 .debug_abbrev  0x0000000000000a7c      0x242 ./Drivers/STM32L4xx_HAL_Driver/Src/stm32l4xx_hal.o
 .debug_abbrev  0x0000000000000cbe      0x327 ./Drivers/STM32L4xx_HAL_Driver/Src/stm32l4xx_hal_cortex.o
 .debug_abbrev  0x0000000000000fe5      0x1cb ./Drivers/STM32L4xx_HAL_Driver/Src/stm32l4xx_hal_gpio.o
 .debug_abbrev  0x00000000000011b0      0x1bc ./Drivers/STM32L4xx_HAL_Driver/Src/stm32l4xx_hal_lcd.o
 .debug_abbrev  0x000000000000136c      0x1d4 ./Drivers/STM32L4xx_HAL_Driver/Src/stm32l4xx_hal_pwr.o
 .debug_abbrev  0x0000000000001540      0x1f9 ./Drivers/STM32L4xx_HAL_Driver/Src/stm32l4xx_hal_pwr_ex.o
 .debug_abbrev  0x0000000000001739      0x2cb ./Drivers/STM32L4xx_HAL_Driver/Src/stm32l4xx_hal_rcc.o
 .debug_abbrev  0x0000000000001a04      0x2a6 ./Drivers/STM32L4xx_HAL_Driver/Src/stm32l4xx_hal_rcc_ex.o
 .debug_abbrev  0x0000000000001caa      0x201 ./Drivers/STM32L4xx_HAL_Driver/Src/stm32l4xx_hal_rtc.o

.debug_aranges  0x0000000000000000      0x980
 .debug_aranges
                0x0000000000000000       0x58 ./Core/Src/main.o
 .debug_aranges
                0x0000000000000058       0x68 ./Core/Src/stm32l476g_discovery.o
 .debug_aranges
                0x00000000000000c0       0x98 ./Core/Src/stm32l476g_discovery_glass_lcd.o
 .debug_aranges
                0x0000000000000158       0x40 ./Core/Src/stm32l4xx_hal_msp.o
 .debug_aranges
                0x0000000000000198       0x60 ./Core/Src/stm32l4xx_it.o
 .debug_aranges
                0x00000000000001f8       0x28 ./Core/Src/system_stm32l4xx.o
 .debug_aranges
                0x0000000000000220       0x28 ./Core/Startup/startup_stm32l476vgtx.o
 .debug_aranges
                0x0000000000000248      0x130 ./Drivers/STM32L4xx_HAL_Driver/Src/stm32l4xx_hal.o
 .debug_aranges
                0x0000000000000378      0x118 ./Drivers/STM32L4xx_HAL_Driver/Src/stm32l4xx_hal_cortex.o
 .debug_aranges
                0x0000000000000490       0x58 ./Drivers/STM32L4xx_HAL_Driver/Src/stm32l4xx_hal_gpio.o
 .debug_aranges
                0x00000000000004e8       0x68 ./Drivers/STM32L4xx_HAL_Driver/Src/stm32l4xx_hal_lcd.o
 .debug_aranges
                0x0000000000000550       0x98 ./Drivers/STM32L4xx_HAL_Driver/Src/stm32l4xx_hal_pwr.o
 .debug_aranges
                0x00000000000005e8      0x160 ./Drivers/STM32L4xx_HAL_Driver/Src/stm32l4xx_hal_pwr_ex.o
 .debug_aranges
                0x0000000000000748       0x90 ./Drivers/STM32L4xx_HAL_Driver/Src/stm32l4xx_hal_rcc.o
 .debug_aranges
                0x00000000000007d8       0xc0 ./Drivers/STM32L4xx_HAL_Driver/Src/stm32l4xx_hal_rcc_ex.o
 .debug_aranges
                0x0000000000000898       0xe8 ./Drivers/STM32L4xx_HAL_Driver/Src/stm32l4xx_hal_rtc.o

.debug_rnglists
                0x0000000000000000      0x70a
 .debug_rnglists
                0x0000000000000000       0x40 ./Core/Src/main.o
 .debug_rnglists
                0x0000000000000040       0x4d ./Core/Src/stm32l476g_discovery.o
 .debug_rnglists
                0x000000000000008d       0x76 ./Core/Src/stm32l476g_discovery_glass_lcd.o
 .debug_rnglists
                0x0000000000000103       0x2c ./Core/Src/stm32l4xx_hal_msp.o
 .debug_rnglists
                0x000000000000012f       0x43 ./Core/Src/stm32l4xx_it.o
 .debug_rnglists
                0x0000000000000172       0x1a ./Core/Src/system_stm32l4xx.o
 .debug_rnglists
                0x000000000000018c       0x19 ./Core/Startup/startup_stm32l476vgtx.o
 .debug_rnglists
                0x00000000000001a5       0xdf ./Drivers/STM32L4xx_HAL_Driver/Src/stm32l4xx_hal.o
 .debug_rnglists
                0x0000000000000284       0xce ./Drivers/STM32L4xx_HAL_Driver/Src/stm32l4xx_hal_cortex.o
 .debug_rnglists
                0x0000000000000352       0x3f ./Drivers/STM32L4xx_HAL_Driver/Src/stm32l4xx_hal_gpio.o
 .debug_rnglists
                0x0000000000000391       0x4c ./Drivers/STM32L4xx_HAL_Driver/Src/stm32l4xx_hal_lcd.o
 .debug_rnglists
                0x00000000000003dd       0x6e ./Drivers/STM32L4xx_HAL_Driver/Src/stm32l4xx_hal_pwr.o
 .debug_rnglists
                0x000000000000044b      0x109 ./Drivers/STM32L4xx_HAL_Driver/Src/stm32l4xx_hal_pwr_ex.o
 .debug_rnglists
                0x0000000000000554       0x6d ./Drivers/STM32L4xx_HAL_Driver/Src/stm32l4xx_hal_rcc.o
 .debug_rnglists
                0x00000000000005c1       0x95 ./Drivers/STM32L4xx_HAL_Driver/Src/stm32l4xx_hal_rcc_ex.o
 .debug_rnglists
                0x0000000000000656       0xb4 ./Drivers/STM32L4xx_HAL_Driver/Src/stm32l4xx_hal_rtc.o

.debug_macro    0x0000000000000000    0x27235
 .debug_macro   0x0000000000000000      0x2be ./Core/Src/main.o
 .debug_macro   0x00000000000002be      0xaa8 ./Core/Src/main.o
 .debug_macro   0x0000000000000d66      0x1a7 ./Core/Src/main.o
 .debug_macro   0x0000000000000f0d       0x2e ./Core/Src/main.o
 .debug_macro   0x0000000000000f3b       0x28 ./Core/Src/main.o
 .debug_macro   0x0000000000000f63       0x22 ./Core/Src/main.o
 .debug_macro   0x0000000000000f85       0x8e ./Core/Src/main.o
 .debug_macro   0x0000000000001013       0x51 ./Core/Src/main.o
 .debug_macro   0x0000000000001064      0x103 ./Core/Src/main.o
 .debug_macro   0x0000000000001167       0x6a ./Core/Src/main.o
 .debug_macro   0x00000000000011d1      0x1df ./Core/Src/main.o
 .debug_macro   0x00000000000013b0       0x1c ./Core/Src/main.o
 .debug_macro   0x00000000000013cc       0x22 ./Core/Src/main.o
 .debug_macro   0x00000000000013ee       0xfb ./Core/Src/main.o
 .debug_macro   0x00000000000014e9     0x1011 ./Core/Src/main.o
 .debug_macro   0x00000000000024fa      0x11f ./Core/Src/main.o
 .debug_macro   0x0000000000002619    0x1a17a ./Core/Src/main.o
 .debug_macro   0x000000000001c793       0x6d ./Core/Src/main.o
 .debug_macro   0x000000000001c800     0x38e6 ./Core/Src/main.o
 .debug_macro   0x00000000000200e6      0x174 ./Core/Src/main.o
 .debug_macro   0x000000000002025a       0x5c ./Core/Src/main.o
 .debug_macro   0x00000000000202b6     0x159e ./Core/Src/main.o
 .debug_macro   0x0000000000021854      0x5a5 ./Core/Src/main.o
 .debug_macro   0x0000000000021df9      0x1b9 ./Core/Src/main.o
 .debug_macro   0x0000000000021fb2      0x18b ./Core/Src/main.o
 .debug_macro   0x000000000002213d      0x26b ./Core/Src/main.o
 .debug_macro   0x00000000000223a8      0x23d ./Core/Src/main.o
 .debug_macro   0x00000000000225e5      0x241 ./Core/Src/main.o
 .debug_macro   0x0000000000022826      0x37c ./Core/Src/main.o
 .debug_macro   0x0000000000022ba2       0xd6 ./Core/Src/main.o
 .debug_macro   0x0000000000022c78      0x3df ./Core/Src/main.o
 .debug_macro   0x0000000000023057      0x122 ./Core/Src/main.o
 .debug_macro   0x0000000000023179      0x3ef ./Core/Src/main.o
 .debug_macro   0x0000000000023568      0x321 ./Core/Src/main.o
 .debug_macro   0x0000000000023889      0x4fb ./Core/Src/main.o
 .debug_macro   0x0000000000023d84       0xeb ./Core/Src/main.o
 .debug_macro   0x0000000000023e6f      0x330 ./Core/Src/main.o
 .debug_macro   0x000000000002419f       0x61 ./Core/Src/main.o
 .debug_macro   0x0000000000024200       0x2a ./Core/Src/main.o
 .debug_macro   0x000000000002422a       0x43 ./Core/Src/main.o
 .debug_macro   0x000000000002426d       0x34 ./Core/Src/main.o
 .debug_macro   0x00000000000242a1       0x16 ./Core/Src/main.o
 .debug_macro   0x00000000000242b7       0x35 ./Core/Src/main.o
 .debug_macro   0x00000000000242ec      0x369 ./Core/Src/main.o
 .debug_macro   0x0000000000024655       0x10 ./Core/Src/main.o
 .debug_macro   0x0000000000024665       0x16 ./Core/Src/main.o
 .debug_macro   0x000000000002467b       0x43 ./Core/Src/main.o
 .debug_macro   0x00000000000246be       0x34 ./Core/Src/main.o
 .debug_macro   0x00000000000246f2       0x10 ./Core/Src/main.o
 .debug_macro   0x0000000000024702       0x58 ./Core/Src/main.o
 .debug_macro   0x000000000002475a       0x8e ./Core/Src/main.o
 .debug_macro   0x00000000000247e8       0x1c ./Core/Src/main.o
 .debug_macro   0x0000000000024804      0x177 ./Core/Src/main.o
 .debug_macro   0x000000000002497b       0x16 ./Core/Src/main.o
 .debug_macro   0x0000000000024991       0x16 ./Core/Src/main.o
 .debug_macro   0x00000000000249a7      0x147 ./Core/Src/main.o
 .debug_macro   0x0000000000024aee       0x22 ./Core/Src/main.o
 .debug_macro   0x0000000000024b10      0x2ce ./Core/Src/main.o
 .debug_macro   0x0000000000024dde      0x7b6 ./Core/Src/main.o
 .debug_macro   0x0000000000025594      0x1e7 ./Core/Src/stm32l476g_discovery.o
 .debug_macro   0x000000000002577b       0x10 ./Core/Src/stm32l476g_discovery.o
 .debug_macro   0x000000000002578b      0x2c2 ./Core/Src/stm32l476g_discovery.o
 .debug_macro   0x0000000000025a4d      0x1f6 ./Core/Src/stm32l476g_discovery_glass_lcd.o
 .debug_macro   0x0000000000025c43      0x1c5 ./Core/Src/stm32l4xx_hal_msp.o
 .debug_macro   0x0000000000025e08      0x1cf ./Core/Src/stm32l4xx_it.o
 .debug_macro   0x0000000000025fd7      0x1bb ./Core/Src/system_stm32l4xx.o
 .debug_macro   0x0000000000026192      0x209 ./Drivers/STM32L4xx_HAL_Driver/Src/stm32l4xx_hal.o
 .debug_macro   0x000000000002639b      0x1bb ./Drivers/STM32L4xx_HAL_Driver/Src/stm32l4xx_hal_cortex.o
 .debug_macro   0x0000000000026556      0x1c2 ./Drivers/STM32L4xx_HAL_Driver/Src/stm32l4xx_hal_gpio.o
 .debug_macro   0x0000000000026718      0x1c1 ./Drivers/STM32L4xx_HAL_Driver/Src/stm32l4xx_hal_lcd.o
 .debug_macro   0x00000000000268d9      0x1d3 ./Drivers/STM32L4xx_HAL_Driver/Src/stm32l4xx_hal_pwr.o
 .debug_macro   0x0000000000026aac      0x1df ./Drivers/STM32L4xx_HAL_Driver/Src/stm32l4xx_hal_pwr_ex.o
 .debug_macro   0x0000000000026c8b      0x1fd ./Drivers/STM32L4xx_HAL_Driver/Src/stm32l4xx_hal_rcc.o
 .debug_macro   0x0000000000026e88      0x1f1 ./Drivers/STM32L4xx_HAL_Driver/Src/stm32l4xx_hal_rcc_ex.o
 .debug_macro   0x0000000000027079      0x1bc ./Drivers/STM32L4xx_HAL_Driver/Src/stm32l4xx_hal_rtc.o

.debug_line     0x0000000000000000     0xb7a9
 .debug_line    0x0000000000000000      0xccf ./Core/Src/main.o
 .debug_line    0x0000000000000ccf      0x97b ./Core/Src/stm32l476g_discovery.o
 .debug_line    0x000000000000164a     0x1024 ./Core/Src/stm32l476g_discovery_glass_lcd.o
 .debug_line    0x000000000000266e      0x7eb ./Core/Src/stm32l4xx_hal_msp.o
 .debug_line    0x0000000000002e59      0x7ee ./Core/Src/stm32l4xx_it.o
 .debug_line    0x0000000000003647      0x7c3 ./Core/Src/system_stm32l4xx.o
 .debug_line    0x0000000000003e0a       0x7a ./Core/Startup/startup_stm32l476vgtx.o
 .debug_line    0x0000000000003e84      0xb1b ./Drivers/STM32L4xx_HAL_Driver/Src/stm32l4xx_hal.o
 .debug_line    0x000000000000499f      0xcc2 ./Drivers/STM32L4xx_HAL_Driver/Src/stm32l4xx_hal_cortex.o
 .debug_line    0x0000000000005661      0xb8f ./Drivers/STM32L4xx_HAL_Driver/Src/stm32l4xx_hal_gpio.o
 .debug_line    0x00000000000061f0      0x9d7 ./Drivers/STM32L4xx_HAL_Driver/Src/stm32l4xx_hal_lcd.o
 .debug_line    0x0000000000006bc7      0x8f8 ./Drivers/STM32L4xx_HAL_Driver/Src/stm32l4xx_hal_pwr.o
 .debug_line    0x00000000000074bf      0xd13 ./Drivers/STM32L4xx_HAL_Driver/Src/stm32l4xx_hal_pwr_ex.o
 .debug_line    0x00000000000081d2      0xf92 ./Drivers/STM32L4xx_HAL_Driver/Src/stm32l4xx_hal_rcc.o
 .debug_line    0x0000000000009164     0x150c ./Drivers/STM32L4xx_HAL_Driver/Src/stm32l4xx_hal_rcc_ex.o
 .debug_line    0x000000000000a670     0x1139 ./Drivers/STM32L4xx_HAL_Driver/Src/stm32l4xx_hal_rtc.o

.debug_str      0x0000000000000000    0xef28d
 .debug_str     0x0000000000000000    0xec7ca ./Core/Src/main.o
                                      0xecb18 (size before relaxing)
 .debug_str     0x00000000000ec7ca      0x751 ./Core/Src/stm32l476g_discovery.o
                                      0xe6902 (size before relaxing)
 .debug_str     0x00000000000ecf1b      0x51e ./Core/Src/stm32l476g_discovery_glass_lcd.o
                                      0xe9345 (size before relaxing)
 .debug_str     0x00000000000ed439       0x7e ./Core/Src/stm32l4xx_hal_msp.o
                                      0xe51e5 (size before relaxing)
 .debug_str     0x00000000000ed4b7       0xc9 ./Core/Src/stm32l4xx_it.o
                                      0xe498c (size before relaxing)
 .debug_str     0x00000000000ed580       0xf2 ./Core/Src/system_stm32l4xx.o
                                      0xe4b1a (size before relaxing)
 .debug_str     0x00000000000ed672       0x34 ./Core/Startup/startup_stm32l476vgtx.o
                                         0x5d (size before relaxing)
 .debug_str     0x00000000000ed6a6      0x634 ./Drivers/STM32L4xx_HAL_Driver/Src/stm32l4xx_hal.o
                                      0xe56ad (size before relaxing)
 .debug_str     0x00000000000edcda      0x332 ./Drivers/STM32L4xx_HAL_Driver/Src/stm32l4xx_hal_cortex.o
                                      0xe5361 (size before relaxing)
 .debug_str     0x00000000000ee00c       0xfb ./Drivers/STM32L4xx_HAL_Driver/Src/stm32l4xx_hal_gpio.o
                                      0xe4c93 (size before relaxing)
 .debug_str     0x00000000000ee107       0xa0 ./Drivers/STM32L4xx_HAL_Driver/Src/stm32l4xx_hal_lcd.o
                                      0xe4bd3 (size before relaxing)
 .debug_str     0x00000000000ee1a7      0x34b ./Drivers/STM32L4xx_HAL_Driver/Src/stm32l4xx_hal_pwr.o
                                      0xe4e85 (size before relaxing)
 .debug_str     0x00000000000ee4f2      0x3e1 ./Drivers/STM32L4xx_HAL_Driver/Src/stm32l4xx_hal_pwr_ex.o
                                      0xe5075 (size before relaxing)
 .debug_str     0x00000000000ee8d3      0x3ac ./Drivers/STM32L4xx_HAL_Driver/Src/stm32l4xx_hal_rcc.o
                                      0xe5160 (size before relaxing)
 .debug_str     0x00000000000eec7f      0x371 ./Drivers/STM32L4xx_HAL_Driver/Src/stm32l4xx_hal_rcc_ex.o
                                      0xe52d9 (size before relaxing)
 .debug_str     0x00000000000eeff0      0x29d ./Drivers/STM32L4xx_HAL_Driver/Src/stm32l4xx_hal_rtc.o
                                      0xe4fa5 (size before relaxing)

.debug_frame    0x0000000000000000     0x248c
 .debug_frame   0x0000000000000000      0x118 ./Core/Src/main.o
 .debug_frame   0x0000000000000118      0x174 ./Core/Src/stm32l476g_discovery.o
 .debug_frame   0x000000000000028c      0x244 ./Core/Src/stm32l476g_discovery_glass_lcd.o
 .debug_frame   0x00000000000004d0       0xd0 ./Core/Src/stm32l4xx_hal_msp.o
 .debug_frame   0x00000000000005a0      0x104 ./Core/Src/stm32l4xx_it.o
 .debug_frame   0x00000000000006a4       0x58 ./Core/Src/system_stm32l4xx.o
 .debug_frame   0x00000000000006fc      0x498 ./Drivers/STM32L4xx_HAL_Driver/Src/stm32l4xx_hal.o
 .debug_frame   0x0000000000000b94      0x498 ./Drivers/STM32L4xx_HAL_Driver/Src/stm32l4xx_hal_cortex.o
 .debug_frame   0x000000000000102c      0x14c ./Drivers/STM32L4xx_HAL_Driver/Src/stm32l4xx_hal_gpio.o
 .debug_frame   0x0000000000001178      0x188 ./Drivers/STM32L4xx_HAL_Driver/Src/stm32l4xx_hal_lcd.o
 .debug_frame   0x0000000000001300      0x230 ./Drivers/STM32L4xx_HAL_Driver/Src/stm32l4xx_hal_pwr.o
 .debug_frame   0x0000000000001530      0x584 ./Drivers/STM32L4xx_HAL_Driver/Src/stm32l4xx_hal_pwr_ex.o
 .debug_frame   0x0000000000001ab4      0x21c ./Drivers/STM32L4xx_HAL_Driver/Src/stm32l4xx_hal_rcc.o
 .debug_frame   0x0000000000001cd0      0x2fc ./Drivers/STM32L4xx_HAL_Driver/Src/stm32l4xx_hal_rcc_ex.o
 .debug_frame   0x0000000000001fcc      0x3f4 ./Drivers/STM32L4xx_HAL_Driver/Src/stm32l4xx_hal_rtc.o
 .debug_frame   0x00000000000023c0       0x38 C:/ST/STM32CubeIDE_1.13.2/STM32CubeIDE/plugins/com.st.stm32cube.ide.mcu.externaltools.gnu-tools-for-stm32.11.3.rel1.win32_1.1.1.202309131626/tools/bin/../lib/gcc/arm-none-eabi/11.3.1/../../../../arm-none-eabi/lib/thumb/v7e-m+fp/hard\libc_nano.a(libc_a-itoa.o)
 .debug_frame   0x00000000000023f8       0x48 C:/ST/STM32CubeIDE_1.13.2/STM32CubeIDE/plugins/com.st.stm32cube.ide.mcu.externaltools.gnu-tools-for-stm32.11.3.rel1.win32_1.1.1.202309131626/tools/bin/../lib/gcc/arm-none-eabi/11.3.1/../../../../arm-none-eabi/lib/thumb/v7e-m+fp/hard\libc_nano.a(libc_a-utoa.o)
 .debug_frame   0x0000000000002440       0x20 C:/ST/STM32CubeIDE_1.13.2/STM32CubeIDE/plugins/com.st.stm32cube.ide.mcu.externaltools.gnu-tools-for-stm32.11.3.rel1.win32_1.1.1.202309131626/tools/bin/../lib/gcc/arm-none-eabi/11.3.1/../../../../arm-none-eabi/lib/thumb/v7e-m+fp/hard\libc_nano.a(libc_a-memset.o)
 .debug_frame   0x0000000000002460       0x2c C:/ST/STM32CubeIDE_1.13.2/STM32CubeIDE/plugins/com.st.stm32cube.ide.mcu.externaltools.gnu-tools-for-stm32.11.3.rel1.win32_1.1.1.202309131626/tools/bin/../lib/gcc/arm-none-eabi/11.3.1/../../../../arm-none-eabi/lib/thumb/v7e-m+fp/hard\libc_nano.a(libc_a-init.o)

.debug_line_str
                0x0000000000000000       0x51
 .debug_line_str
                0x0000000000000000       0x51 ./Core/Startup/startup_stm32l476vgtx.o
                                         0x69 (size before relaxing)
